[{"contents": "theorem test (p q : Prop) (hp : p) (hq : q) : p ∧ q ∧ p :=\n  ",
  "_type": "text"},
 {"messages":
  [{"contents": "Warning: declaration uses 'sorry'", "_type": "message"}],
  "goals": [],
  "contents": "sorry",
  "_type": "sentence"},
 {"contents": "", "_type": "text"}]