[{"contents": "theorem test (p q : Prop) (hp : p) (hq : q) : p ‚àß q ‚àß p := ",
  "_type": "text"},
 {"messages": [],
  "goals":
  [{"name": "",
    "hypotheses":
    [{"type": "Prop", "names": ["p", "q"], "body": "", "_type": "hypothesis"},
     {"type": "p", "names": ["hp"], "body": "", "_type": "hypothesis"},
     {"type": "q", "names": ["hq"], "body": "", "_type": "hypothesis"}],
    "conclusion": "p ‚àß q ‚àß p",
    "_type": "goal"}],
  "contents": "by\n  ",
  "_type": "sentence"},
 {"messages": [],
  "goals":
  [{"name": "",
    "hypotheses":
    [{"type": "Prop", "names": ["p", "q"], "body": "", "_type": "hypothesis"},
     {"type": "p", "names": ["hp"], "body": "", "_type": "hypothesis"},
     {"type": "q", "names": ["hq"], "body": "", "_type": "hypothesis"}],
    "conclusion": "q ‚àß p",
    "_type": "goal"}],
  "contents": "apply And.intro hp",
  "_type": "sentence"},
 {"messages": [],
  "goals":
  [{"name": "",
    "hypotheses":
    [{"type": "Prop", "names": ["p", "q"], "body": "", "_type": "hypothesis"},
     {"type": "p", "names": ["hp"], "body": "", "_type": "hypothesis"},
     {"type": "q", "names": ["hq"], "body": "", "_type": "hypothesis"}],
    "conclusion": "q ‚àß p",
    "_type": "goal"}],
  "contents": ";",
  "_type": "sentence"},
 {"messages": [],
  "goals":
  [{"name": "",
    "hypotheses":
    [{"type": "Prop", "names": ["p", "q"], "body": "", "_type": "hypothesis"},
     {"type": "p", "names": ["hp"], "body": "", "_type": "hypothesis"},
     {"type": "q", "names": ["hq"], "body": "", "_type": "hypothesis"}],
    "conclusion": "p ‚àß q ‚àß p",
    "_type": "goal"}],
  "contents": " ",
  "_type": "sentence"},
 {"messages": [],
  "goals": [{"name": "", "hypotheses": [], "conclusion": "üêô", "_type": "goal"}],
  "contents": "exact And.intro hq hp",
  "_type": "sentence"},
 {"contents": "\n\n", "_type": "text"},
 {"messages": [{"contents": "And : Prop ‚Üí Prop ‚Üí Prop", "_type": "message"}],
  "goals": [],
  "contents": "#check",
  "_type": "sentence"},
 {"contents": " And", "_type": "text"}]