[{"contents":
  "theorem test (p q : Prop) (hp : p) (hq : q) : p ∧ q ∧ p := by\n  ",
  "_type": "text"},
 {"messages": [],
  "goals":
  [{"name": "left",
    "hypotheses":
    [{"type": "Prop", "names": ["p", "q"], "body": "", "_type": "hypothesis"},
     {"type": "p", "names": ["hp"], "body": "", "_type": "hypothesis"},
     {"type": "q", "names": ["hq"], "body": "", "_type": "hypothesis"}],
    "conclusion": "p",
    "_type": "goal"},
   {"name": "right",
    "hypotheses":
    [{"type": "Prop", "names": ["p", "q"], "body": "", "_type": "hypothesis"},
     {"type": "p", "names": ["hp"], "body": "", "_type": "hypothesis"},
     {"type": "q", "names": ["hq"], "body": "", "_type": "hypothesis"}],
    "conclusion": "q ∧ p",
    "_type": "goal"}],
  "contents": "apply And.intro",
  "_type": "sentence"},
 {"contents": "\n  case left => exact hp\n  case right =>\n    ",
  "_type": "text"},
 {"messages": [],
  "goals":
  [{"name": "left",
    "hypotheses":
    [{"type": "Prop", "names": ["p", "q"], "body": "", "_type": "hypothesis"},
     {"type": "p", "names": ["hp"], "body": "", "_type": "hypothesis"},
     {"type": "q", "names": ["hq"], "body": "", "_type": "hypothesis"}],
    "conclusion": "q",
    "_type": "goal"},
   {"name": "right",
    "hypotheses":
    [{"type": "Prop", "names": ["p", "q"], "body": "", "_type": "hypothesis"},
     {"type": "p", "names": ["hp"], "body": "", "_type": "hypothesis"},
     {"type": "q", "names": ["hq"], "body": "", "_type": "hypothesis"}],
    "conclusion": "p",
    "_type": "goal"}],
  "contents": "apply And.intro",
  "_type": "sentence"},
 {"contents": "\n    case left => exact hq\n    case right => exact hp",
  "_type": "text"}]